aa
abdicates
abjections
aboriginal
abscond
abstract
academicism
accessary
accomplishment
accusal
acetylations
acidulent
acreages
actinometric
acylating
adductive
adjournment
admit
adrenocorticosteroid
adventitial
adynamia
aerogrammes
affectionately
affricates
agapae
aggrandises
agnatic
agroforestry
aircheck
airted
alated
aldolizations
algologists
aliyah
allegorises
allogenic
allusiveness
alphabetizations
altruists
amatols
ambrosias
ami
ammonifies
amperages
amrita
anaerobic
analyzers
anchorets
anecdotist
anginas
animadversions
ankylostomiases
annunciations
antacid
anthers
antiaphrodisiacs
anticlotting
antievolutionists
antiliberal
antinomic
antiquarks
antislaveries
antiwrinkle
apatosauruses
aping
apomixes
apparelled
applecarts
apprenticeships
aquacade
arbalests
archaic
archivolt
arginines
armadas
aromatize
arrowed
articling
ascendance
ashman
aspirates
asserts
assonants
astonying
asyndetically
atmospherics
attain
attractive
auditing
auroras
autistics
autolytic
autotransformers
averted
avulsion
axillaries
azotes
bacchanals
backhandedly
backstitching
badge
bailiffship
baleful
ballyhooing
bandog
bannets
barbequed
barhops
barrable
baryons
basketful
bathes
batwing
beachiest
beastie
beckoned
beddings
bedroll
beers
beggarlinesses
behemoths
belga
belt
bends
benzenes
berlines
besmirch
bestuds
beveller
bhistie
bicameral
bifaces
biker
billionths
binocular
biographee
bioscientists
biquadratic
bisect
bittier
blackguardism
bland
blathered
blepharoplast
blither
bloodstock
blowpipes
bluestocking
boardinghouses
boccias
bohemian
bolsters
boneset
booing
boos
borecoles
bosuns
bouffants
bourtree
bowwows
bracings
brainwash
brasseries
brazilin
breathinesses
bribe
brightness
britt
brokenness
brooch
browsers
brutely
buckos
bugbane
bulldog
bumbles
bunkos
burghal
burr
bushwa
buts
buxomly
cabaret
cachinnate
caducous
cakewalker
calculational
callboy
calumniates
camisa
canaled
candlestick
cannon
canticles
capelin
caprifigs
caracal
carbonate
cardboards
caret
carnie
carpoolers
cartloads
caseloads
castigate
catalytic
catechizer
catholicates
caulkers
caviars
celebrant
cementite
centipede
cepheid
certificatory
chaff
challengingly
chancroid
chaperonage
charitableness
chasteness
cheapening
cheerfulness
chemoreceptor
cheviots
chiefs
chimbley
chiralities
chivari
choanocytes
chondrules
choroids
chromed
chrysalis
chunking
cicatrizes
cinerins
circumcision
cistrons
civilised
clamorousness
clash
clavicle
clefts
climatal
clitorides
cloque
clovers
clypeal
coalpits
coaxer
cochlea
cocoanuts
codex
coendured
coffle
coherers
coinvented
colinear
collectivized
collotypes
colorer
colzas
comestible
commensurability
commodes
communization
compartmenting
complains
componential
compulsivenesses
conceivability
concessioner
concubinage
conducer
conferva
conflictive
congesting
conin
conniptions
consequences
consolingly
constraints
contacts
contentious
contrabassoons
contributive
conventionalist
convincers
cooler
copeck
copromoters
corantoes
corespondents
corniness
corpus
corrupter
coryzas
cosseted
cotter
counted
counterdemonstrating
counterpane
counterstained
couplements
covalency
cowflop
cozen
craftswomen
crappie
crazy
creditworthinesses
crepitates
crier
crispness
crook
crossness
crucially
cruncher
cryoscopies
ctenophores
cuirasses
culture
cupid
curds
currycombed
cushy
cutinise
cyanoses
cyclophosphamide
cypsela
cytotechnologist
dagger
dalliances
dandelions
daringness
datebooks
dawts
deadheads
deathcup
debris
decarbonate
deceptively
declaimer
decomposable
decreases
deductions
defeasibility
defibrillators
defocus
degassing
dehydrating
delaine
delightfulnesses
delusive
demesne
demolishments
demyelinating
denitrifier
denuclearize
dependants
depones
deprivals
derisivenesses
desanded
deshabilles
despair
destriers
detergencies
detouring
devastation
devoices
dextrin
diageotropic
diamagnetism
diastrophically
dichromat
diddlysquat
differently
digitizes
dilettanti
dimorphism
diobolons
diplomatically
direfully
disagreements
disbelieves
disclimax
discophiles
discuss
disequilibration
dishelming
disinterestedly
dismayingly
dispends
dispossessor
disrespectful
dissertators
distain
distrainer
dites
diverticulitises
dizziest
documentarist
doggies
dolichocephalies
dominatrices
doolies
dorms
doubled
dovening
downsize
drachmae
dramaturg
dreading
dribbly
drolled
droves
drupelets
duckwalks
dulias
dungeoning
duras
dwarfer
dysarthrias
earings
earwaxes
ecclesiae
eclogites
ectozoon
editress
effendis
eggcups
eikon
elations
electrodesiccation
electrophotographies
elevators
elopers
emancipators
emblazoners
embrittlement
emetics
empathises
empyemic
encapsulating
encoder
endbrains
endomitotic
endpaper
enframe
engulfed
ennoblement
ensconces
entails
enthusiasms
entree
environing
ependymas
epidemiologies
epimysium
epithelialize
equalizer
equivocally
ergotamine
errorless
escapees
espies
estimates
eternization
ethnological
euchres
euphemized
euxenite
eventides
evokers
exanthemata
excisemen
excretion
exemptions
exhume
exorbitant
expectancy
expiable
exportable
expurgators
exteriorise
extracellular
extremeness
eyecups
facades
factual
faintheartednesses
fallfishes
fancied
fantoccini
farmwork
fastballer
fattest
fawnlike
febrifuge
feezes
felonry
fenuron
ferritic
fet
feuilletons
fibrinopeptides
fidges
figureheads
filmdoms
financings
finning
fireroom
fishnet
fixer
flagships
flannelmouthed
flattens
fleabanes
flew
flintlocks
flooded
flossier
fluencies
fluorimetric
flybelt
foddered
folkie
foodstuff
footsies
forceps
foregathering
foresee
foreverness
forlornest
formworks
forworn
fourth
fractus
franklinite
freebooting
frenulum
frictions
frits
frontals
fructify
fucoxanthin
fullering
fundamentalistic
furcates
fused
futzes
gadzooks
galateas
gallipots
gambled
ganefs
garaged
garottes
gasser
gathers
gawps
gelada
gendarmeries
genitourinary
geocentrically
geopolitics
gerontological
ghazies
giddier
gimbaling
giraffes
glacis
glasnost
gleets
gloats
glossarist
gluey
glycosidases
goaltender
godship
gombroons
goofier
gormand
governesses
gradients
grandams
granted
grasped
gravimeters
grecianizes
grees
grill
grisons
grossness
grouty
grum
guard
guilder
gulpiest
gunrunner
guttations
gynophores
habitant
haematic
haiks
halalas
hallucinoses
hammerers
handicrafter
handyperson
haply
hardies
harmonies
has
hats
hawking
headcount
headword
heatable
hectograms
hegumenies
helistop
helved
hemlocks
hendiadyses
herbiest
hermitage
hetero
heterozygosity
hibachis
highbinder
hilloing
hircine
historicalnesses
hobbledehoys
hogties
hollers
homebrews
hominid
homophonies
honk
hooknoses
horded
horsed
hospitalizes
hounder
housewarmings
hued
humblers
humvees
husband
hybrises
hydrolase
hydrothoraxes
hyoidean
hyperemic
hypermutability
hypersusceptibility
hypochondriacs
hypostatize
ibuprofens
icosahedron
idiomaticness
ignitron
illimitably
imaginably
imbrute
immigrate
immunized
immuring
impatiens
imperiously
implausibilities
imposingly
impressionistic
impulsivities
inappreciativeness
incanted
incineration
incomers
inconsistencies
incredulously
indaba
indentured
indigenousness
individuality
indulge
inelasticity
inexplicableness
infer
inflammation
infract
ingrains
inhibit
injuriousness
innominate
inquisitions
insensitivenesses
insolences
instantaneities
instrumentality
intaglios
intenseness
intercessional
interdealer
interfusing
interline
intermodulation
interpermeates
interrow
intertropical
intime
intransigences
intromitted
inurbane
invernesses
inviter
iodizes
iritis
irredentas
irreversibilities
isocaloric
isomerizations
isthmuses
jabber
jaculating
janglier
jauntily
jejunity
jesuitism
jigsawing
joannes
joked
journalizers
judgers
jumbling
jurying
kaffiyehs
kanbans
katcina
keeners
keramics
kettledrum
kibbi
kielbasy
kinder
kingside
kitlings
knawels
knopped
kolbasi
krafts
kvass
labored
lacquering
ladyhood
lallands
laminators
landlubberlinesses
lankness
larders
lase
lathered
laughters
lawfulnesses
leach
leanness
lecithin
legatee
legume
lenitives
lessens
leukopoiesis
lexica
liberally
licht
lifter
ligula
limewaters
line
linins
lipomata
listed
lithography
lively
loathes
locals
lodge
logogriphs
longhands
loosely
losels
louvred
lowrider
luetic
lumpers
lupuses
luteotropic
lymphoid
lysozymes
mackintosh
maddeningly
magics
magnifies
main
malachite
malevolent
maltreat
managers
manges
manipulatory
mantis
maravedis
marijuanas
maroon
martingale
masquer
masting
matey
matutinally
maxixe
mean
mechanoreceptors
medievalists
megakaryocytes
melanitic
melodramas
menacer
mensuration
merciless
merrymakers
mesophytes
metagalaxy
metapsychological
methemoglobins
metred
mibs
microcopies
microhabitats
microphylls
microtonal
midrashot
mikron
milks
millionaires
mincemeat
minicomputers
mintage
misaddressed
misbalances
mischarge
miscutting
misenrolls
misgrafted
mislaid
misorientation
misquotes
missilery
mistended
misuse
mixups
moderatenesses
mohair
mollie
monarchy
monists
monoecious
monophagy
monounsaturated
moonflowers
morae
morphactins
morulas
motility
mottling
moussed
mucidities
mudpacks
muliebrity
multifactorial
multiplicands
mumbling
murderer
museologists
mustachios
mutualisms
myeloblast
myrmidons
naan
namelessness
narcissuses
nasties
naturisms
nearness
necrophiliac
neglectfully
neocolonialism
nephrisms
netiquettes
neuroglial
neurotropic
newsmaker
nicknamed
nightgowns
ninhydrin
nitrogenases
nodi
nomistic
nonaromatic
noncarcinogens
noncomplyings
noncorrodible
nondiscrimination
nonestablishments
nongolfer
noninsurances
nonmeaningful
nonorgasmic
nonprogram
nonreversible
nonsteroidal
nonutilitarians
norite
nosiness
notochord
nuances
nudnik
nuncio
nuttiness
obdurately
oblate
obscurity
obtect
occupational
octavo
odoriferous
officer
ohmage
oleate
omelettes
onefold
oolites
openmouthedly
opinionative
optimal
orations
ordinations
oribis
ornithopter
orthopedics
osmosing
ostmark
ouguiyas
outbluffs
outclomb
outdreamed
outflowing
outhomer
outlives
outpopulating
outrebounds
outshoot
outstare
outtrotting
outwriting
overanalyzing
overbrowsed
overcommunicating
overdesign
overelaborates
overfast
overgrowth
overingenuity
overlordship
overpaid
overpromised
oversave
overspecialized
oversupplying
overurge
oviform
oxidated
ozonates
packhorse
pagandom
paisa
paleographically
pallidly
palynologist
paneled
pantdress
paperweights
paradisiac
parameciums
parashot
pardoned
parity
parried
particulars
passades
pasticci
patented
patrician
paupers
payoffs
pearmain
peculiars
pedologic
peise
pen
penitentially
pentahedrons
pepluses
perceptivenesses
perfectionist
peridotitic
perished
perms
perseveration
persuading
pesterers
petrolatum
phalange
phasmids
phenylketonuric
phimoses
phonolites
phosphorylated
photofloods
photooxidations
phototropism
phyllotaxes
phytophagous
pickaxing
picturephones
pigeonwing
pileum
pinang
pinkey
pinwheeling
pirarucus
pitchblende
pixilation
plagioclases
planimeters
plasmolyze
platonic
playwrighting
plenipotentiary
plimsoll
plugola
plush
pocky
pogroms
polarizabilities
politicises
polyamine
polygraphers
polypod
pommie
pooftahs
popularly
portamenti
positivest
postdeadline
postirradiation
posttension
potherbs
poultryman
practically
pratfalls
prearming
precentorships
precludes
predefine
predomination
preferabilities
prehensile
premarriages
prenatally
preponderant
prerecords
presence
presoaked
presuppose
prettifying
prewritings
primas
princocks
privatises
procaryote
procuring
profit
progression
prolixities
promulge
propels
proposed
prosecutable
prosthetist
protesting
protozoan
provisionally
prussianizes
pseudosophistications
psychohistorian
psychrometries
puckeriest
puking
pulverize
punier
pups
purpling
pushrod
puzzleheadedness
pyric
pyrrhotite
quadrivalent
qualmishnesses
quartermaster
queenly
quickest
quinnat
quite
rabbitbrush
rackets
radiobiologists
radius
railcars
rallier
ramshorns
ranter
rarer
rathskellers
rattlings
raxes
reactionaryisms
real
reapply
reassertion
rebater
rebuilding
recarrying
recheck
reclassification
recommencement
reconnection
recordations
rectifiability
redbaited
redeployment
redistill
redroots
reedited
reenergized
reexplored
refilter
refluences
refrangibility
regainer
regions
regrinds
reheeled
rein
reinnervation
reinvigorated
relabel
relents
reloaded
remarketing
reminted
remotion
renegers
renunciative
repacking
repellents
replenishing
repositions
reprising
republish
requiters
resawing
reseizes
reshot
resite
resounds
responsivenesses
restoration
resupplying
retargeted
retina
retransferring
retrogressing
revalidate
reverencers
revisualizations
rewarder
rhadamanthine
rhizoplanes
ribaldly
ricochetting
riflings
rimes
ripely
ritualizations
roamed
rockhounding
rolfs
roofline
roqueted
rote
roulade
rovings
rubicund
ruffes
ruminant
runts
ruthful
saccharase
sadden
sagbut
sajou
salivating
saltire
samburs
sandburs
sanitaria
saponifier
sardine
sate
sauchs
savory
scablands
scandalising
scarier
scenery
schizophrene
schoolbooks
scintillated
scolloped
scourged
scrapples
scries
scrubwoman
scumbags
seabirds
seascape
seclusive
seculars
seedcases
segues
selected
semeiotic
semihard
semisolid
senor
sensuousness
septets
serenatas
sermons
serving
severalties
sexualization
shagginesses
shammies
sharkskins
sheave
shellack
shews
shingler
shirtsleeves
shoe
shoreside
shovelnoses
shrieving
shunpike
sickbay
sidestepping
sigmoidoscopy
silesia
silvan
simpleton
singletrees
sips
sixth
skelms
skillfulness
skittishness
skyway
slashers
sleeked
slidable
slipsoles
slouched
slummed
smarms
smirched
smoulders
snappy
snickered
snogging
snowboards
snuggeries
socialist
sodom
solaces
soles
solonets
sometimes
sonobuoy
sopping
sortable
souping
sovietized
spaed
sparked
speak
speckling
speedboatings
spermatids
spic
spillers
spirals
spitz
splitting
sponsorships
sporters
sprawlers
spritzers
sputtering
squawker
squireen
stactes
stairway
standardises
stardust
statement
steadfastly
steelworks
stenciling
stereophonies
stethoscopic
stiffly
stinkbug
stockbroker
stomachache
stooping
stoutening
straitness
stratovolcanos
streptococcic
strikebreaking
strong
strutted
stump
stylishness
subatom
subcontracting
subepidermal
subjectivism
submarket
subovate
subsectors
substantialnesses
subtitle
subvocalized
suckless
suffragans
sulfhydryl
sultanates
sunbath
sunset
superceded
superfamily
superinfections
supernormally
superscripts
supersymmetry
supplications
surcease
surname
survivors
svelteness
swaps
sweeper
swimmier
swithe
sycophancy
symbolistic
synanon
syndactylism
synovia
systolic
tabulates
tacts
tailskids
talkiness
tamburs
tanked
taphonomies
tarradiddle
tatars
tawing
teakettle
technicalities
teeterboard
telegraphese
televiewers
tempest
tendentiousnesses
tenseness
terais
termite
terror
tetanic
tetroxid
thanklessnesses
thence
thereinto
thermoreceptor
thickness
thiotepa
thoroughbrace
threep
throng
thumps
thyroids
tidinesses
tiller
timocracies
tins
tirrivee
tittup
toelike
toled
tomcatted
tonsillar
toph
torch
torsionally
totemisms
touse
toxic
trackers
tragopan
trampled
transcripts
transhumance
transmitted
transshipping
trasses
treasure
trenail
triangle
trichologists
trierarchy
trillium
tripletail
trisyllable
trochlears
tropine
trowels
truncate
trysting
tubocurarines
tumescence
tupik
turgite
tushies
twangy
twingeing
tympanum
tyrannies
uh
ultrafastidious
ultraroyalists
umiacs
unallied
unattached
unbiased
unbuilds
uncharacteristic
unclinched
unconcernedness
uncovenanted
undefoliated
underdog
underlyingly
understaffing
undesirablenesses
undulate
unethical
unfettered
unfurled
unhanded
unhygienic
uninspected
univalents
unlashing
unluckinesses
unmixing
unpainted
unpressed
unreality
unrestricted
unsawn
unshackle
unsought
unstrings
untheoretical
untune
unwieldiness
upbraiders
upheap
uprate
upstate
uranism
urged
use
utriculus
vagabondages
valiancies
vampers
vaporishnesses
varnished
vatting
veggies
vender
ventilation
verbifying
vermilions
verts
vetoing
vicariant
videodisk
vilify
viniferas
virgules
viscously
vitiation
vixenly
voicelessnesses
volumes
votarist
vulcanology
wadmaals
waifing
walkingsticks
wanes
warheads
warsler
wastelots
waterish
waveguides
weakling
weatherproofness
weepers
weldments
westerner
what
whereat
whiney
whisper
whizz
wich
wigans
willingly
windjammer
wingspan
wirelesses
witchcrafts
wizardries
womanlier
woodenwares
woolwork
workmanships
worsteds
wreck
wrongdoings
xenogamy
yacht
yarmelke
yeasty
yielding
yonker
yurts
zebraic
zikurats
zodiacal
zoophilous
